[2025-05-20 09:09:10] Mencoba login dengan username: admin
[2025-05-20 09:09:10] User ditemukan, memeriksa password...
[2025-05-20 09:09:10] Hash password dari DB: 0192023a7bbd73250516f069df18b500
[2025-05-20 09:09:10] Password yang dimasukkan: admin123
[2025-05-20 09:09:10] Hasil verifikasi password: valid
[2025-05-20 09:09:17] Mencoba login dengan username: admin
[2025-05-20 09:09:17] User ditemukan, memeriksa password...
[2025-05-20 09:09:17] Hash password dari DB: 0192023a7bbd73250516f069df18b500
[2025-05-20 09:09:17] Password yang dimasukkan: admin123
[2025-05-20 09:09:17] Hasil verifikasi password: valid
[2025-05-20 09:14:24] Mencoba login dengan username: admin
[2025-05-20 09:14:25] User ditemukan, memeriksa password...
[2025-05-20 09:14:25] Hash password dari DB: 0192023a7bbd73250516f069df18b500
[2025-05-20 09:14:25] Password yang dimasukkan: admin123
[2025-05-20 09:14:25] Hasil verifikasi password: valid
[2025-05-20 11:24:13] Mencoba login dengan username: admin
[2025-05-20 11:24:14] User ditemukan, memeriksa password...
[2025-05-20 11:24:14] Hash password dari DB: 0192023a7bbd73250516f069df18b500
[2025-05-20 11:24:14] Password yang dimasukkan: admin123
[2025-05-20 11:24:14] Hasil verifikasi password: valid
[2025-05-20 11:28:52] Mencoba login dengan username: admin
[2025-05-20 11:28:52] User ditemukan, memeriksa password...
[2025-05-20 11:28:52] Hash password dari DB: 0192023a7bbd73250516f069df18b500
[2025-05-20 11:28:52] Password yang dimasukkan: admin123
[2025-05-20 11:28:52] Hasil verifikasi password: valid
[2025-05-20 11:28:59] Mencoba login dengan username: admin
[2025-05-20 11:29:00] User ditemukan, memeriksa password...
[2025-05-20 11:29:00] Hash password dari DB: 0192023a7bbd73250516f069df18b500
[2025-05-20 11:29:00] Password yang dimasukkan: admin123
[2025-05-20 11:29:00] Hasil verifikasi password: valid
[2025-05-20 12:05:02] Mencoba login dengan username: admin
[2025-05-20 12:05:02] User ditemukan, memeriksa password...
[2025-05-20 12:05:02] Hash password dari DB: 0192023a7bbd73250516f069df18b500
[2025-05-20 12:05:02] Password yang dimasukkan: admin123
[2025-05-20 12:05:02] Hasil verifikasi password: valid
[2025-05-20 12:24:21] Mencoba login dengan username: guest
[2025-05-20 12:24:21] User ditemukan, memeriksa password...
[2025-05-20 12:24:21] Hash password dari DB: $2y$12$0f1gTtUGBc1OQfkvvmniYuWID6lAeyhsECxxxGhSv7FG5tFHSJEru
[2025-05-20 12:24:21] Password yang dimasukkan: guest123
[2025-05-20 12:24:21] Hasil verifikasi password: tidak valid
[2025-05-20 12:24:26] Mencoba login dengan username: admin
[2025-05-20 12:24:26] User ditemukan, memeriksa password...
[2025-05-20 12:24:26] Hash password dari DB: 0192023a7bbd73250516f069df18b500
[2025-05-20 12:24:26] Password yang dimasukkan: admin123
[2025-05-20 12:24:26] Hasil verifikasi password: valid
[2025-05-20 12:29:31] Mencoba login dengan username: guest
[2025-05-20 12:29:31] User ditemukan, memeriksa password...
[2025-05-20 12:29:31] Hash password dari DB: $2y$12$.4EweP06PiSH8mYTyLOHvOWlT83Pd4zx9GVp6L5H4XwBvql55u.qy
[2025-05-20 12:29:31] Password yang dimasukkan: guest123
[2025-05-20 12:29:31] Hasil verifikasi password: tidak valid
[2025-05-20 12:31:16] Mencoba login dengan username: admin
[2025-05-20 12:31:16] User ditemukan, memeriksa password...
[2025-05-20 12:31:16] Hash password dari DB: 0192023a7bbd73250516f069df18b500
[2025-05-20 12:31:16] Password yang dimasukkan: admin123
[2025-05-20 12:31:16] Hasil verifikasi password: tidak valid
[2025-05-20 12:31:25] Mencoba login dengan username: guest
[2025-05-20 12:31:25] User ditemukan, memeriksa password...
[2025-05-20 12:31:25] Hash password dari DB: $2y$12$.4EweP06PiSH8mYTyLOHvOWlT83Pd4zx9GVp6L5H4XwBvql55u.qy
[2025-05-20 12:31:25] Password yang dimasukkan: guest123
[2025-05-20 12:31:26] Hasil verifikasi password: valid
[2025-05-20 12:37:47] Mencoba login dengan username: admin
[2025-05-20 12:37:47] User ditemukan, memeriksa password...
[2025-05-20 12:37:47] Hash password dari DB: $2y$12$sEz6arvvXqfS6RtSKQbUP.0uZ1EOevmssn38rPatWRv3x/7MAu/M.
[2025-05-20 12:37:47] Password yang dimasukkan: admin123
[2025-05-20 12:37:47] Hasil verifikasi password: valid
[2025-05-20 12:48:24] Mencoba login dengan username: admin
[2025-05-20 12:48:24] User ditemukan, memeriksa password...
[2025-05-20 12:48:24] Hash password dari DB: $2y$12$sEz6arvvXqfS6RtSKQbUP.0uZ1EOevmssn38rPatWRv3x/7MAu/M.
[2025-05-20 12:48:24] Password yang dimasukkan: admin123
[2025-05-20 12:48:24] Hasil verifikasi password: valid
[2025-05-20 12:54:19] Mencoba login dengan username: admin
[2025-05-20 12:54:20] User ditemukan, memeriksa password...
[2025-05-20 12:54:20] Hash password dari DB: $2y$12$sEz6arvvXqfS6RtSKQbUP.0uZ1EOevmssn38rPatWRv3x/7MAu/M.
[2025-05-20 12:54:20] Password yang dimasukkan: admin123
[2025-05-20 12:54:20] Hasil verifikasi password: valid
[2025-05-20 12:58:01] Mencoba login dengan username: admin
[2025-05-20 12:58:02] User ditemukan, memeriksa password...
[2025-05-20 12:58:02] Hash password dari DB: $2y$12$sEz6arvvXqfS6RtSKQbUP.0uZ1EOevmssn38rPatWRv3x/7MAu/M.
[2025-05-20 12:58:02] Password yang dimasukkan: admin123
[2025-05-20 12:58:02] Hasil verifikasi password: valid
[2025-05-20 13:03:01] Mencoba login dengan username: admin
[2025-05-20 13:03:01] User ditemukan, memeriksa password...
[2025-05-20 13:03:01] Hash password dari DB: $2y$12$sEz6arvvXqfS6RtSKQbUP.0uZ1EOevmssn38rPatWRv3x/7MAu/M.
[2025-05-20 13:03:01] Password yang dimasukkan: admin123
[2025-05-20 13:03:01] Hasil verifikasi password: valid
[2025-05-20 13:03:18] Mencoba login dengan username: admin
[2025-05-20 13:03:18] User ditemukan, memeriksa password...
[2025-05-20 13:03:18] Hash password dari DB: $2y$12$sEz6arvvXqfS6RtSKQbUP.0uZ1EOevmssn38rPatWRv3x/7MAu/M.
[2025-05-20 13:03:18] Password yang dimasukkan: admin123
[2025-05-20 13:03:19] Hasil verifikasi password: valid
[2025-05-20 13:05:40] Mencoba login dengan username: admin
[2025-05-20 13:05:40] User ditemukan, memeriksa password...
[2025-05-20 13:05:40] Hash password dari DB: $2y$12$sEz6arvvXqfS6RtSKQbUP.0uZ1EOevmssn38rPatWRv3x/7MAu/M.
[2025-05-20 13:05:40] Password yang dimasukkan: admin123
[2025-05-20 13:05:41] Hasil verifikasi password: valid
