[2025-05-20 09:19:04] Memulai proses backup
[2025-05-20 09:19:04] Nama file: backup_test_20250520_091904.sql
[2025-05-20 09:19:04] Path file: /var/backups/postgresql/backup_test_20250520_091904.sql
[2025-05-20 09:19:04] Host: localhost, Port: 5432, DB: klinik_mata
[2025-05-20 09:19:04] Menjalankan perintah: PGPASSWORD="******" pg_dump -h localhost -p 5432 -U postgres -t 'users' 'klinik_mata' | gzip > '/var/backups/postgresql/backup_test_20250520_091904.sql.gz'
[2025-05-20 09:19:04] Hasil eksekusi: 1
[2025-05-20 09:19:04] Output: 
[2025-05-20 09:19:04] Gagal membuat file backup
[2025-05-20 09:23:43] Memulai proses backup
[2025-05-20 09:23:43] Nama file: backup_klinik_20250520_092343.sql
[2025-05-20 09:23:43] Path file: /Users/adhinugroho/Documents/backup_postgre/config/../backups/backup_klinik_20250520_092343.sql
[2025-05-20 09:23:43] Host: localhost, Port: 5432, DB: klinik_mata
[2025-05-20 09:23:43] Menjalankan perintah: PGPASSWORD="******" pg_dump -h localhost -p 5432 -U postgres -t 'users' 'klinik_mata' | gzip > '/Users/adhinugroho/Documents/backup_postgre/config/../backups/backup_klinik_20250520_092343.sql.gz'
[2025-05-20 09:23:43] Hasil eksekusi: 0
[2025-05-20 09:23:43] Output: 
[2025-05-20 09:23:43] Berhasil membuat file backup: /Users/adhinugroho/Documents/backup_postgre/config/../backups/backup_klinik_20250520_092343.sql.gz
[2025-05-20 10:28:38] Memulai proses backup
[2025-05-20 10:28:38] Nama file: backup_klinik_20250520_102838.sql
[2025-05-20 10:28:38] Path file: /Users/adhinugroho/Documents/backup_postgre/config/../backups/backup_klinik_20250520_102838.sql
[2025-05-20 10:28:38] Host: localhost, Port: 5432, DB: klinik_mata
[2025-05-20 10:28:38] Menjalankan perintah: PGPASSWORD="******" pg_dump -h localhost -p 5432 -U postgres -t 'migrations' 'klinik_mata' | gzip > '/Users/adhinugroho/Documents/backup_postgre/config/../backups/backup_klinik_20250520_102838.sql.gz'
[2025-05-20 10:28:38] Hasil eksekusi: 0
[2025-05-20 10:28:38] Output: 
[2025-05-20 10:28:38] Berhasil membuat file backup: /Users/adhinugroho/Documents/backup_postgre/config/../backups/backup_klinik_20250520_102838.sql.gz
[2025-05-20 11:11:34] Memulai proses backup
[2025-05-20 11:11:34] Nama file: backup_customer_klinik_20250520_111134.sql
[2025-05-20 11:11:34] Path file: /Users/adhinugroho/Documents/backup_postgre/config/../backups/backup_customer_klinik_20250520_111134.sql
[2025-05-20 11:11:34] Host: localhost, Port: 5432, DB: klinik_mata
[2025-05-20 11:11:34] Menjalankan perintah: PGPASSWORD="******" pg_dump -h localhost -p 5432 -U postgres -t 'customers' 'klinik_mata' | gzip > '/Users/adhinugroho/Documents/backup_postgre/config/../backups/backup_customer_klinik_20250520_111134.sql.gz'
[2025-05-20 11:11:34] Hasil eksekusi: 0
[2025-05-20 11:11:34] Output: 
[2025-05-20 11:11:34] Berhasil membuat file backup: /Users/adhinugroho/Documents/backup_postgre/config/../backups/backup_customer_klinik_20250520_111134.sql.gz
