[2025-05-20 09:56:29] Mencoba mencatat restore: backup_id=1, status=success
[2025-05-20 09:56:29] Koneksi database berhasil
[2025-05-20 09:56:29] Menjalankan query dengan user_id=1
[2025-05-20 09:56:29] Hasil query: Array
(
    [id] => 1
)

[2025-05-20 09:56:29] ID restore: 1
[2025-05-20 09:56:29] Berhasil mencatat ke audit log
[2025-05-20 09:57:09] Mencoba mencatat restore: backup_id=1, status=success
[2025-05-20 09:57:09] Koneksi database berhasil
[2025-05-20 09:57:09] Menjalankan query dengan user_id=1
[2025-05-20 09:57:09] Hasil query: Array
(
    [id] => 2
)

[2025-05-20 09:57:09] ID restore: 2
[2025-05-20 09:57:09] Berhasil mencatat ke audit log
[2025-05-20 10:02:14] Mencoba mencatat restore: backup_id=1, status=success
[2025-05-20 10:02:14] Koneksi database berhasil
[2025-05-20 10:02:14] Menjalankan query dengan user_id=1
[2025-05-20 10:02:14] Hasil query: Array
(
    [id] => 3
)

[2025-05-20 10:02:14] ID restore: 3
[2025-05-20 10:02:14] Berhasil mencatat ke audit log
[2025-05-20 10:45:35] Mencoba mencatat restore: backup_id=2, status=success
[2025-05-20 10:45:35] Koneksi database berhasil
[2025-05-20 10:45:35] Menjalankan query dengan user_id=1
[2025-05-20 10:45:35] Hasil query: Array
(
    [id] => 4
)

[2025-05-20 10:45:35] ID restore: 4
[2025-05-20 10:45:35] Berhasil mencatat ke audit log
[2025-05-20 11:12:12] Mencoba mencatat restore: backup_id=3, status=success
[2025-05-20 11:12:12] Koneksi database berhasil
[2025-05-20 11:12:12] Menjalankan query dengan user_id=1
[2025-05-20 11:12:12] Hasil query: Array
(
    [id] => 5
)

[2025-05-20 11:12:12] ID restore: 5
[2025-05-20 11:12:12] Berhasil mencatat ke audit log
